/ahg/regevdata/users/mhofree/local/toolbox-matlab/MIToolbox/MIToolboxMex.mexmaci64
/ahg/regevdata/users/mhofree/local/toolbox-matlab/MIToolbox/h.m
/ahg/regevdata/users/mhofree/local/toolbox-matlab/MIToolbox/miAllPairs.m
/ahg/regevdata/users/mhofree/local/toolbox-matlab/MIToolbox/miAllPairsMex.mexmaci64
/ahg/regevdata/users/mhofree/local/toolbox-matlab/argsort.m
/ahg/regevdata/users/mhofree/local/toolbox-matlab/cAUC.m
/ahg/regevdata/users/mhofree/local/toolbox-matlab/concatCell.m
/ahg/regevdata/users/mhofree/local/toolbox-matlab/concatCell_to_cell.m
/ahg/regevdata/users/mhofree/local/toolbox-matlab/fastTableRead/fastMatRead.m
/ahg/regevdata/users/mhofree/local/toolbox-matlab/fastTableRead/fastTableReadV2.mexmaci64
/ahg/regevdata/users/mhofree/local/toolbox-matlab/fastTableRead/fastTxtRead.m
/ahg/regevdata/users/mhofree/local/toolbox-matlab/fasthash/fastUnique.m
/ahg/regevdata/users/mhofree/local/toolbox-matlab/fasthash/fastUniqueIntHash.mexmaci64
/ahg/regevdata/users/mhofree/local/toolbox-matlab/fasthash/fastUniqueStr.mexmaci64
/ahg/regevdata/users/mhofree/local/toolbox-matlab/fasthash/fasthash.m
/ahg/regevdata/users/mhofree/local/toolbox-matlab/fasthash/fasthashInt.mexmaci64
/ahg/regevdata/users/mhofree/local/toolbox-matlab/fasthash/fasthashStrPtr.mexmaci64
/ahg/regevdata/users/mhofree/local/toolbox-matlab/fileList.m
/ahg/regevdata/users/mhofree/local/toolbox-matlab/hexColor.m
/ahg/regevdata/users/mhofree/local/toolbox-matlab/intersect3.m
/ahg/regevdata/users/mhofree/local/toolbox-matlab/isemptycell.m
/ahg/regevdata/users/mhofree/local/toolbox-matlab/mergeOption.m
/ahg/regevdata/users/mhofree/local/toolbox-matlab/nanvalues.m
/ahg/regevdata/users/mhofree/local/toolbox-matlab/num2cellstr.m
/ahg/regevdata/users/mhofree/local/toolbox-matlab/progressbar.m
/ahg/regevdata/users/mhofree/local/toolbox-matlab/standardParsers/geneSet2IdxMat.m
/ahg/regevdata/users/mhofree/local/toolbox-matlab/strgrep.m
/ahg/regevdata/users/mhofree/local/toolbox-matlab/strgrepi.m
/ahg/regevdata/users/mhofree/local/toolbox-matlab/struct_tools/data2simpleStruct.m
/ahg/regevdata/users/mhofree/local/toolbox-matlab/struct_tools/structSelectField.m
/ahg/regevdata/users/mhofree/local/toolbox-matlab/struct_tools/structSortMat.m
/ahg/regevdata/users/mhofree/local/toolbox-matlab/struct_tools/structSubSelectMat.m
/ahg/regevdata/users/mhofree/local/toolbox-matlab/struct_tools/structpack.m
/ahg/regevdata/users/mhofree/local/toolbox-matlab/structdisp.m
/ahg/regevdata/users/mhofree/local/toolbox-matlab/subplot1.m
/ahg/regevdata/users/mhofree/local/toolbox-matlab/uniquec.m
